
> budimas-internal-frontend@0.1.0 dev
> vite --host 0.0.0.0 --port 5173

[2m04.39.59[22m [36m[1m[vite][22m[39m [90m[2m(client)[22m[39m Re-optimizing dependencies because lockfile has changed

  [32m[1mVITE[22m v6.4.2[39m  [2mready in [0m[1m1448[22m[2m[0m ms[22m

  [32m➜[39m  [1mLocal[22m:   [36mhttp://localhost:[1m5173[22m/[39m
  [32m➜[39m  [1mNetwork[22m: [36mhttp://192.168.1.29:[1m5173[22m/[39m
[2m[32m  ➜[39m[22m[2m  press [22m[1mh + enter[22m[2m to show help[22m
[2m12.40.45[22m [36m[1m[vite][22m[39m [90m[2m(client)[22m[39m [32mhmr update [39m[2m/src/modules/wms/pages/WmsDashboardPage.vue, /src/assets/styles.css[22m
[2m12.41.14[22m [36m[1m[vite][22m[39m [90m[2m(client)[22m[39m [32mhmr update [39m[2m/src/modules/wms/pages/WmsDashboardPage.vue, /src/assets/styles.css[22m
[2m13.50.08[22m [36m[1m[vite][22m[39m [90m[2m(client)[22m[39m [32mhmr update [39m[2m/src/modules/wms/pages/WmsDashboardPage.vue, /src/assets/styles.css[22m
[2m23.18.33[22m [36m[1m[vite][22m[39m [90m[2m(client)[22m[39m [32mhmr update [39m[2m/src/modules/wms/pages/WmsDashboardPage.vue, /src/assets/styles.css[22m
[2m00.44.47[22m [36m[1m[vite][22m[39m [90m[2m(client)[22m[39m [32mhmr update [39m[2m/src/modules/wms/pages/WmsDashboardPage.vue, /src/assets/styles.css[22m
[2m00.45.08[22m [36m[1m[vite][22m[39m [90m[2m(client)[22m[39m [32mhmr update [39m[2m/src/modules/wms/pages/WmsDashboardPage.vue, /src/assets/styles.css[22m
[2m01.23.12[22m [36m[1m[vite][22m[39m [90m[2m(client)[22m[39m [32mhmr update [39m[2m/src/modules/wms/pages/WmsDashboardPage.vue, /src/assets/styles.css[22m
[2m01.32.18[22m [36m[1m[vite][22m[39m [90m[2m(client)[22m[39m [32mhmr update [39m[2m/src/modules/wms/pages/WmsDashboardPage.vue, /src/assets/styles.css[22m
[2m01.34.43[22m [36m[1m[vite][22m[39m [90m[2m(client)[22m[39m [32mhmr update [39m[2m/src/modules/wms/pages/WmsDashboardPage.vue, /src/assets/styles.css[22m
[2m01.43.56[22m [36m[1m[vite][22m[39m [90m[2m(client)[22m[39m [32mhmr update [39m[2m/src/modules/wms/pages/WmsDashboardPage.vue, /src/assets/styles.css[22m
[2m12.28.14[22m [36m[1m[vite][22m[39m [90m[2m(client)[22m[39m [32mhmr update [39m[2m/src/modules/wms/pages/WmsDashboardPage.vue, /src/assets/styles.css[22m
[2m12.28.38[22m [36m[1m[vite][22m[39m [90m[2m(client)[22m[39m [32mhmr update [39m[2m/src/modules/wms/pages/WmsDashboardPage.vue, /src/assets/styles.css[22m
[2m12.39.04[22m [36m[1m[vite][22m[39m [90m[2m(client)[22m[39m [32mhmr update [39m[2m/src/modules/wms/pages/WmsDashboardPage.vue, /src/assets/styles.css[22m
[2m12.39.30[22m [36m[1m[vite][22m[39m [90m[2m(client)[22m[39m [32mhmr update [39m[2m/src/modules/wms/pages/WmsDashboardPage.vue, /src/assets/styles.css[22m
[2m12.39.51[22m [36m[1m[vite][22m[39m [90m[2m(client)[22m[39m [32mhmr update [39m[2m/src/modules/wms/pages/WmsDashboardPage.vue, /src/assets/styles.css[22m
[2m12.58.04[22m [36m[1m[vite][22m[39m [90m[2m(client)[22m[39m [32mhmr update [39m[2m/src/modules/wms/pages/WmsDashboardPage.vue, /src/assets/styles.css[22m
[2m02.01.25[22m [36m[1m[vite][22m[39m [90m[2m(client)[22m[39m [32mhmr update [39m[2m/src/modules/wms/pages/WmsDashboardPage.vue, /src/assets/styles.css[22m
[2m02.09.10[22m [36m[1m[vite][22m[39m [90m[2m(client)[22m[39m [32mhmr update [39m[2m/src/modules/wms/pages/WmsDashboardPage.vue, /src/assets/styles.css[22m
[2m02.09.33[22m [36m[1m[vite][22m[39m [90m[2m(client)[22m[39m [32mhmr update [39m[2m/src/modules/wms/pages/WmsDashboardPage.vue, /src/assets/styles.css[22m
[2m04.31.54[22m [36m[1m[vite][22m[39m [90m[2m(client)[22m[39m [32mpage reload [39m[2msrc/app/router/index.js[22m
[2m04.32.08[22m [36m[1m[vite][22m[39m [90m[2m(client)[22m[39m [32mpage reload [39m[2msrc/shared/constants/navigation.js[22m
[2m04.32.35[22m [36m[1m[vite][22m[39m [90m[2m(client)[22m[39m [32mpage reload [39m[2msrc/shared/utils/navigationIcons.js[22m
[2m04.32.46[22m [36m[1m[vite][22m[39m [90m[2m(client)[22m[39m [32mhmr update [39m[2m/src/app/layouts/MainLayout.vue, /src/assets/styles.css[22m
[2m04.48.53[22m [36m[1m[vite][22m[39m [90m[2m(client)[22m[39m [32mhmr update [39m[2m/src/modules/data-tools/pages/AkashaSalesOrderImportPage.vue, /src/assets/styles.css, /src/modules/data-tools/pages/AkashaSalesOrderImportPage.vue?vue&type=style&index=0&scoped=b78a1855&lang.css[22m
[2m01.05.31[22m [36m[1m[vite][22m[39m [90m[2m(client)[22m[39m [32mhmr update [39m[2m/src/modules/data-tools/pages/AkashaSalesOrderImportPage.vue, /src/assets/styles.css[22m
[2m01.05.56[22m [36m[1m[vite][22m[39m [90m[2m(client)[22m[39m [32mhmr update [39m[2m/src/modules/data-tools/pages/AkashaSalesOrderImportPage.vue?vue&type=style&index=0&scoped=b78a1855&lang.css[22m
[2m01.23.18[22m [36m[1m[vite][22m[39m [90m[2m(client)[22m[39m [32mhmr update [39m[2m/src/modules/data-tools/pages/AkashaSalesOrderImportPage.vue, /src/assets/styles.css[22m
[2m01.23.38[22m [36m[1m[vite][22m[39m [90m[2m(client)[22m[39m [32mhmr update [39m[2m/src/modules/data-tools/pages/AkashaSalesOrderImportPage.vue, /src/assets/styles.css[22m
[2m01.23.55[22m [36m[1m[vite][22m[39m [90m[2m(client)[22m[39m [32mhmr update [39m[2m/src/modules/data-tools/pages/AkashaSalesOrderImportPage.vue?vue&type=style&index=0&scoped=b78a1855&lang.css[22m
[2m01.59.41[22m [36m[1m[vite][22m[39m [90m[2m(client)[22m[39m [32mhmr update [39m[2m/src/modules/data-tools/pages/AkashaSalesOrderImportPage.vue, /src/assets/styles.css[22m
[2m02.00.01[22m [36m[1m[vite][22m[39m [90m[2m(client)[22m[39m [32mhmr update [39m[2m/src/modules/data-tools/pages/AkashaSalesOrderImportPage.vue, /src/assets/styles.css[22m
[2m02.00.41[22m [36m[1m[vite][22m[39m [90m[2m(client)[22m[39m [32mhmr update [39m[2m/src/modules/data-tools/pages/AkashaSalesOrderImportPage.vue?vue&type=style&index=0&scoped=b78a1855&lang.css[22m
[2m13.10.32[22m [36m[1m[vite][22m[39m [90m[2m(client)[22m[39m [32mhmr update [39m[2m/src/modules/data-tools/pages/AkashaSalesOrderImportPage.vue, /src/assets/styles.css[22m
[2m13.10.47[22m [36m[1m[vite][22m[39m [90m[2m(client)[22m[39m [32mhmr update [39m[2m/src/modules/data-tools/pages/AkashaSalesOrderImportPage.vue, /src/assets/styles.css[22m
[2m13.11.06[22m [36m[1m[vite][22m[39m [90m[2m(client)[22m[39m [32mhmr update [39m[2m/src/modules/data-tools/pages/AkashaSalesOrderImportPage.vue, /src/assets/styles.css[22m
[2m13.11.57[22m [36m[1m[vite][22m[39m [90m[2m(client)[22m[39m [32mhmr update [39m[2m/src/modules/data-tools/pages/AkashaSalesOrderImportPage.vue?vue&type=style&index=0&scoped=b78a1855&lang.css[22m
[2m13.12.11[22m [36m[1m[vite][22m[39m [90m[2m(client)[22m[39m [32mpage reload [39m[2msrc/shared/constants/navigation.js[22m
[2m13.12.30[22m [36m[1m[vite][22m[39m [90m[2m(client)[22m[39m [32mpage reload [39m[2msrc/app/router/index.js[22m
[2m13.12.51[22m [36m[1m[vite][22m[39m [90m[2m(client)[22m[39m [32mhmr update [39m[2m/src/modules/data-tools/pages/AkashaSalesOrderImportPage.vue, /src/assets/styles.css[22m
[2m10.55.25[22m [36m[1m[vite][22m[39m [90m[2m(client)[22m[39m [32mhmr update [39m[2m/src/assets/styles.css, /src/modules/purchase/pages/PurchaseBillsPage.vue, /src/modules/wms/pages/WmsDashboardPage.vue, /src/modules/data-tools/pages/AkashaSalesOrderImportPage.vue, /src/modules/master/pages/PrincipalsPage.vue[22m
[2m10.56.05[22m [36m[1m[vite][22m[39m [90m[2m(client)[22m[39m [32mpage reload [39m[2msrc/shared/constants/navigation.js[22m
[2m10.56.15[22m [36m[1m[vite][22m[39m [90m[2m(client)[22m[39m [32mpage reload [39m[2msrc/app/router/index.js[22m
[2m11.04.56[22m [36m[1m[vite][22m[39m [90m[2m(client)[22m[39m [32mpage reload [39m[2msrc/app/router/index.js[22m
[2m12.00.08[22m [36m[1m[vite][22m[39m [90m[2m(client)[22m[39m [32mhmr update [39m[2m/src/modules/sales-order/pages/SalesOrderCreatePage.vue, /src/assets/styles.css[22m
[2m12.23.34[22m [36m[1m[vite][22m[39m [90m[2m(client)[22m[39m [32mhmr update [39m[2m/src/modules/sales-order/pages/SalesInvoiceListPage.vue, /src/assets/styles.css[22m
[2m14.49.18[22m [36m[1m[vite][22m[39m [90m[2m(client)[22m[39m [32mhmr update [39m[2m/src/modules/purchase/pages/PurchaseBillsPage.vue, /src/assets/styles.css[22m
[2m22.04.39[22m [36m[1m[vite][22m[39m [90m[2m(client)[22m[39m [32mpage reload [39m[2msrc/shared/constants/navigation.js[22m
[2m22.04.39[22m [36m[1m[vite][22m[39m [90m[2m(client)[22m[39m [32mpage reload [39m[2msrc/app/router/index.js[22m
[2m22.04.39[22m [36m[1m[vite][22m[39m [90m[2m(client)[22m[39m [32mpage reload [39m[2msrc/shared/utils/navigationIcons.js[22m
[2m22.04.39[22m [36m[1m[vite][22m[39m [90m[2m(client)[22m[39m [32mhmr update [39m[2m/src/app/layouts/MainLayout.vue, /src/assets/styles.css[22m
[2m22.06.27[22m [36m[1m[vite][22m[39m [90m[2m(client)[22m[39m [32mhmr update [39m[2m/src/modules/reports/pages/RouteCustomerReportPage.vue, /src/assets/styles.css[22m
[2m22.33.02[22m [36m[1m[vite][22m[39m [90m[2m(client)[22m[39m [32mhmr update [39m[2m/src/modules/distribution/pages/InvoiceDetailPage.vue, /src/assets/styles.css[22m
[1m[33m[@vue/compiler-sfc][0m[33m `v-model` cannot update a `const` reactive binding `filters`. The compiler has transformed it to `let` to make the update work.[0m

[2m22.39.29[22m [36m[1m[vite][22m[39m [90m[2m(client)[22m[39m [32mhmr update [39m[2m/src/modules/distribution/pages/InvoiceDetailPage.vue, /src/assets/styles.css[22m
[2m22.39.34[22m [36m[1m[vite][22m[39m [90m[2m(client)[22m[39m [32mhmr update [39m[2m/src/assets/styles.css, /src/modules/distribution/pages/InvoiceDetailPage.vue[22m
[2m22.45.11[22m [36m[1m[vite][22m[39m [90m[2m(client)[22m[39m [32mhmr update [39m[2m/src/modules/sales-order/pages/SalesOrderCreatePage.vue, /src/assets/styles.css[22m
[2m22.45.16[22m [36m[1m[vite][22m[39m [90m[2m(client)[22m[39m [32mhmr update [39m[2m/src/modules/sales-order/pages/SalesOrderCreatePage.vue, /src/assets/styles.css[22m
[2m22.45.21[22m [36m[1m[vite][22m[39m [90m[2m(client)[22m[39m [32mhmr update [39m[2m/src/modules/sales-order/pages/SalesOrderCreatePage.vue, /src/assets/styles.css[22m
[2m22.45.28[22m [36m[1m[vite][22m[39m [90m[2m(client)[22m[39m [32mhmr update [39m[2m/src/modules/sales-order/pages/SalesOrderCreatePage.vue, /src/assets/styles.css[22m
[2m22.46.23[22m [36m[1m[vite][22m[39m [90m[2m(client)[22m[39m [32mhmr update [39m[2m/src/modules/sales-order/pages/SalesOrderListPage.vue, /src/assets/styles.css[22m
[2m23.17.36[22m [36m[1m[vite][22m[39m [90m[2m(client)[22m[39m [32mhmr update [39m[2m/src/modules/distribution/pages/OrdersPage.vue, /src/assets/styles.css[22m
[2m23.38.53[22m [36m[1m[vite][22m[39m [90m[2m(client)[22m[39m [32mhmr update [39m[2m/src/modules/sales-order/pages/SalesOrderListPage.vue, /src/assets/styles.css[22m
[2m23.39.06[22m [36m[1m[vite][22m[39m [90m[2m(client)[22m[39m [32mhmr update [39m[2m/src/modules/sales-order/pages/SalesInvoiceListPage.vue, /src/assets/styles.css[22m
[2m23.39.56[22m [36m[1m[vite][22m[39m [90m[2m(client)[22m[39m [32mhmr update [39m[2m/src/modules/distribution/pages/OrdersPage.vue, /src/assets/styles.css[22m
[2m00.11.59[22m [36m[1m[vite][22m[39m [90m[2m(client)[22m[39m [32mhmr update [39m[2m/src/modules/finance/pages/PaymentsPage.vue, /src/assets/styles.css[22m
[2m00.12.03[22m [36m[1m[vite][22m[39m [90m[2m(client)[22m[39m [32mhmr update [39m[2m/src/modules/finance/pages/PaymentsPage.vue, /src/assets/styles.css[22m
[2m00.33.25[22m [36m[1m[vite][22m[39m [90m[2m(client)[22m[39m [32mhmr update [39m[2m/src/assets/styles.css, /src/modules/finance/pages/PaymentsPage.vue[22m
[2m00.34.07[22m [36m[1m[vite][22m[39m [90m[2m(client)[22m[39m [32mpage reload [39m[2msrc/app/router/index.js[22m
[2m00.34.12[22m [36m[1m[vite][22m[39m [90m[2m(client)[22m[39m [32mpage reload [39m[2msrc/shared/constants/navigation.js[22m
[2m12.07.42[22m [36m[1m[vite][22m[39m [90m[2m(client)[22m[39m [32mpage reload [39m[2msrc/shared/constants/navigation.js[22m
[2m12.08.25[22m [36m[1m[vite][22m[39m [90m[2m(client)[22m[39m [32mpage reload [39m[2msrc/shared/constants/navigation.js[22m
[2m12.08.35[22m [36m[1m[vite][22m[39m [90m[2m(client)[22m[39m [32mpage reload [39m[2msrc/shared/constants/navigation.js[22m
[2m12.13.18[22m [36m[1m[vite][22m[39m [90m[2m(client)[22m[39m [32mpage reload [39m[2msrc/shared/constants/navigation.js[22m
[2m12.13.42[22m [36m[1m[vite][22m[39m [90m[2m(client)[22m[39m [32mpage reload [39m[2msrc/shared/constants/navigation.js[22m
[2m12.14.05[22m [36m[1m[vite][22m[39m [90m[2m(client)[22m[39m [32mpage reload [39m[2msrc/shared/constants/navigation.js[22m
[2m12.14.21[22m [36m[1m[vite][22m[39m [90m[2m(client)[22m[39m [32mpage reload [39m[2msrc/shared/constants/navigation.js[22m
